Loading combined 4-strategy trades + per-trade MAE...
  1414 trading days   daily PnL: mean=$452 std=$3096   worst trade MAE (1 NQ): max=$11228  median=$1000

========================================================================
  200K account  start=$200,000  per-trade=$3,000  daily=$10,000  total=$20,000
  Profit split 90% trader, $99 eval fee per blown account
========================================================================
 mnq  bust%  by_PT%  by_DD%  by_DAY%  payout%  d_pay_med  d_pay_p25  d_pay_p75  avg_life_d  accts/yr  payouts/yr  trader_$/yr  fees_$/yr  NET_$/yr
   1   0.00    0.00    0.00     0.00    99.96          1          1          3      252.00      1.00       49.99     11036.75       0.00  11036.75
   2   0.12    0.00    0.12     0.00    99.96          1          1          4      251.97      1.00       49.92     22003.38       0.00  22003.38
   3  31.04   29.62    1.42     0.00    99.40          1          1          3      211.39      1.19       51.76     34260.17     118.02  34142.16
   4  47.74   39.70    8.04     0.00    99.02          1          1          3      188.64      1.34       53.11     46936.34     132.25  46804.09
   5  84.88   74.98    9.90     0.00    97.04          1          1          3      116.23      2.17       56.55     61365.90     214.65  61151.25
   6  98.44   90.56    7.88     0.00    94.08          1          1          3       63.42      3.97       63.84     83145.47     393.36  82752.12
   7 100.00   95.46    4.54     0.00    91.04          1          1          3       34.44      7.32       72.96    111797.19     724.41 111072.78
   8 100.00   95.82    4.18     0.00    89.14          1          1          2       23.50     10.72       78.49    137763.96    1061.70 136702.26
   9 100.00   98.30    1.70     0.00    84.02          1          1          2       16.10     15.65       88.14    172910.58    1549.66 171360.92
  10 100.00   98.48    1.52     0.00    80.82          1          1          2       11.95     21.09       91.08    198668.85    2087.56 196581.29

========================================================================
  300K account  start=$300,000  per-trade=$6,000  daily=$15,000  total=$30,000
  Profit split 90% trader, $99 eval fee per blown account
========================================================================
 mnq  bust%  by_PT%  by_DD%  by_DAY%  payout%  d_pay_med  d_pay_p25  d_pay_p75  avg_life_d  accts/yr  payouts/yr  trader_$/yr  fees_$/yr  NET_$/yr
   1   0.00    0.00    0.00     0.00    99.96          1          1          3      252.00      1.00       49.99     11036.75       0.00  11036.75
   2   0.00    0.00    0.00     0.00    99.98          1          1          4      252.00      1.00       49.84     21973.64       0.00  21973.64
   3   0.04    0.00    0.04     0.00    99.98          1          1          3      251.96      1.00       50.19     33226.84       0.00  33226.84
   4   0.70    0.00    0.70     0.00    99.96          1          1          3      251.40      1.00       50.01     44136.50       0.00  44136.50
   5   4.04    0.00    4.04     0.00    99.94          1          1          3      248.37      1.01       50.17     55384.01     100.45  55283.56
   6  38.46   28.98    9.48     0.00    99.04          1          1          3      203.35      1.24       52.53     69665.26     122.68  69542.58
   7  47.54   27.42   20.12     0.00    99.02          1          1          4      192.27      1.31       54.03     83469.76     129.76  83340.00
   8  65.92   35.54   30.38     0.00    98.40          1          1          4      162.76      1.55       55.72     98974.20     153.28  98820.92
   9  83.00   46.12   36.88     0.00    97.88          1          1          3      127.42      1.98       58.75    116865.80     195.79 116670.01
  10  92.50   60.76   31.74     0.00    97.30          1          1          3       97.23      2.59       61.04    131915.39     256.57 131658.81

Saved: C:\trading\nqorderflowbacktester\live\combined deployment plan\fundednext_200k_300k_4strat_mc.csv
