Loading bars...
  bars: 98,303  range: 2020-12-01 00:00:00-05:00 -> 2026-06-19 13:00:00-04:00

LIVE baseline (giveback OFF): IS PF 1.101 (765 td) | OOS PF 1.350 (620 td) | OOS gross $106,715
Running 8000 trials on 22 workers...
  100/8000  (5.0/s, eta 1593s)
  200/8000  (7.2/s, eta 1089s)
  300/8000  (8.1/s, eta 946s)
  400/8000  (8.8/s, eta 868s)
  500/8000  (9.1/s, eta 822s)
  600/8000  (9.4/s, eta 785s)
  700/8000  (9.7/s, eta 756s)
  800/8000  (9.8/s, eta 735s)
  900/8000  (9.9/s, eta 716s)
  1000/8000  (10.0/s, eta 698s)
  1100/8000  (10.1/s, eta 682s)
  1200/8000  (10.2/s, eta 667s)
  1300/8000  (10.3/s, eta 651s)
  1400/8000  (10.3/s, eta 639s)
  1500/8000  (10.4/s, eta 626s)
  1600/8000  (10.4/s, eta 614s)
  1700/8000  (10.4/s, eta 604s)
  1800/8000  (10.5/s, eta 591s)
  1900/8000  (10.5/s, eta 581s)
  2000/8000  (10.5/s, eta 570s)
  2100/8000  (10.6/s, eta 558s)
  2200/8000  (10.6/s, eta 548s)
  2300/8000  (10.6/s, eta 538s)
  2400/8000  (10.6/s, eta 528s)
  2500/8000  (10.6/s, eta 520s)
  2600/8000  (10.6/s, eta 510s)
  2700/8000  (10.6/s, eta 501s)
  2800/8000  (10.6/s, eta 492s)
  2900/8000  (10.6/s, eta 482s)
  3000/8000  (10.6/s, eta 473s)
  3100/8000  (10.6/s, eta 463s)
  3200/8000  (10.6/s, eta 454s)
  3300/8000  (10.6/s, eta 444s)
  3400/8000  (10.6/s, eta 435s)
  3500/8000  (10.6/s, eta 425s)
  3600/8000  (10.6/s, eta 415s)
  3700/8000  (10.6/s, eta 406s)
  3800/8000  (10.6/s, eta 397s)
  3900/8000  (10.6/s, eta 388s)
  4000/8000  (10.6/s, eta 378s)
  4100/8000  (10.6/s, eta 369s)
  4200/8000  (10.6/s, eta 359s)
  4300/8000  (10.6/s, eta 350s)
  4400/8000  (10.6/s, eta 341s)
  4500/8000  (10.6/s, eta 331s)
  4600/8000  (10.6/s, eta 321s)
  4700/8000  (10.6/s, eta 312s)
  4800/8000  (10.6/s, eta 302s)
  4900/8000  (10.6/s, eta 293s)
  5000/8000  (10.6/s, eta 283s)
  5100/8000  (10.6/s, eta 274s)
  5200/8000  (10.6/s, eta 264s)
  5300/8000  (10.6/s, eta 255s)
  5400/8000  (10.6/s, eta 245s)
  5500/8000  (10.6/s, eta 236s)
  5600/8000  (10.6/s, eta 226s)
  5700/8000  (10.6/s, eta 217s)
  5800/8000  (10.6/s, eta 207s)
  5900/8000  (10.6/s, eta 198s)
  6000/8000  (10.6/s, eta 188s)
  6100/8000  (10.6/s, eta 179s)
  6200/8000  (10.6/s, eta 169s)
  6300/8000  (10.6/s, eta 160s)
  6400/8000  (10.6/s, eta 151s)
  6500/8000  (10.6/s, eta 141s)
  6600/8000  (10.6/s, eta 132s)
  6700/8000  (10.6/s, eta 122s)
  6800/8000  (10.6/s, eta 113s)
  6900/8000  (10.6/s, eta 103s)
  7000/8000  (10.6/s, eta 94s)
  7100/8000  (10.6/s, eta 85s)
  7200/8000  (10.6/s, eta 75s)
  7300/8000  (10.6/s, eta 66s)
  7400/8000  (10.6/s, eta 56s)
  7500/8000  (10.6/s, eta 47s)
  7600/8000  (10.6/s, eta 38s)
  7700/8000  (10.6/s, eta 28s)
  7800/8000  (10.6/s, eta 19s)
  7900/8000  (10.6/s, eta 9s)
  8000/8000  (10.6/s, eta 0s)

Done in 752.4s

Wrote full trial table -> C:\trading\nqorderflowbacktester\scripts\overnight drift strategy\results\optimize_trials.csv

Eligible trials (IS_trades >= 200): 8000/8000

=== Top 20 by IS profit factor ===
    atr_len  yellow_atr_mult  yellow_drift   yellow_mode  green_atr_mult  green_base  green_decay  yellow_giveback  scale_by_body  max_giveback_atr  giveback_min_gap_atr  IS_trades  IS_win%  IS_avg_$  IS_PF  IS_gross_$  OOS_trades  OOS_win%  OOS_avg_$  OOS_PF  OOS_gross_$
0        30             2.20          0.22       raw_atr            0.74        37.7         2.18             0.14           True              0.66                  0.08        765    73.07     69.75   1.20     53360.0         620     73.71      63.85    1.11      39585.0
1        12             1.48          2.66   drift_floor            0.55        38.4         1.51             0.45           True              0.87                  0.20        765    55.42     59.14   1.18     45240.0         622     61.25      97.23    1.20      60475.0
2        16             1.40          2.10   drift_floor            0.57        38.0         0.59             0.53           True              1.11                  0.34        765    48.37     64.61   1.18     49430.0         621     53.78      92.09    1.18      57185.0
3        12             2.76          2.49       raw_atr            0.59        27.6         1.83             0.36           True              0.28                  0.22        765    75.29     55.19   1.17     42220.0         620     76.13      66.47    1.14      41210.0
4        25             1.97          2.55       raw_atr            0.84        29.2         2.60             0.26           True              1.26                  0.42        765    67.32     52.34   1.17     40040.0         620     70.32      34.11    1.07      21150.0
5        14             1.47          2.36  pure_ratchet            0.68        21.0         0.20             0.51          False              0.44                  0.54        765    53.46     61.25   1.17     46855.0         622     58.68      71.69    1.14      44590.0
6        25             1.51          0.54  pure_ratchet            0.91        21.7         1.59             0.21           True              1.30                  0.53        765    55.56     50.90   1.17     38940.0         622     59.65      79.75    1.18      49605.0
7        16             2.26          1.15       raw_atr            1.04        25.2         2.03             0.14           True              0.48                  0.18        765    72.81     55.98   1.17     42825.0         620     74.03      51.29    1.09      31800.0
8        30             1.51          2.61   drift_floor            1.06        33.3         1.52             0.47           True              0.87                  0.50        765    50.33     56.64   1.16     43330.0         621     54.91     106.11    1.20      65895.0
9        20             2.73          2.39   drift_floor            0.50        25.9         0.18             0.72           True              0.26                  0.02        765    63.92     72.35   1.16     55345.0         622     69.29      95.08    1.16      59140.0
10       10             1.78          0.76       raw_atr            0.71        53.6         2.84             0.25          False              0.44                  0.47        765    70.07     52.51   1.15     40170.0         619     71.57      92.24    1.17      57095.0
11       10             1.84          1.73       raw_atr            1.31        29.1         2.96             0.37          False              0.50                  0.47        765    64.05     45.73   1.15     34985.0         620     68.87      63.82    1.12      39570.0
12       30             1.22          0.14  pure_ratchet            0.64        62.3         0.48             0.00          False              0.88                  0.27        765    40.78     54.27   1.15     41520.0         620     47.58     172.27    1.35     106810.0
13        7             2.11          2.16   drift_floor            0.92        25.5         2.23             0.79          False              1.15                  0.01        765    70.33     43.76   1.15     33475.0         622     71.86      63.79    1.13      39675.0
14       16             1.70          1.39   drift_floor            0.63        31.6         0.31             0.40           True              0.33                  0.30        765    49.67     58.39   1.14     44665.0         621     57.00      79.63    1.14      49450.0
15       12             2.04          0.90  pure_ratchet            0.64        32.3         0.32             0.19           True              0.83                  0.36        765    50.33     59.89   1.14     45815.0         621     58.13      81.84    1.14      50825.0
16       12             1.43          2.24  pure_ratchet            0.54        30.8         2.36             0.00           True              1.08                  0.35        765    58.69     40.30   1.14     30830.0         622     64.15      58.05    1.14      36105.0
17       14             2.79          2.29       raw_atr            0.70        38.7         2.42             0.46           True              0.69                  0.41        765    73.20     47.45   1.14     36300.0         620     73.39      87.27    1.17      54105.0
18       14             2.46          0.35       raw_atr            1.06        42.4         2.53             0.75          False              0.60                  0.01        765    72.81     53.35   1.14     40815.0         619     73.51     100.06    1.17      61940.0
19        7             2.29          1.69       raw_atr            0.68        22.5         0.27             0.89           True              0.40                  0.19        765    66.27     62.50   1.14     47815.0         620     71.94      97.08    1.17      60190.0

=== Top 20 by OOS profit factor ===
    atr_len  yellow_atr_mult  yellow_drift   yellow_mode  green_atr_mult  green_base  green_decay  yellow_giveback  scale_by_body  max_giveback_atr  giveback_min_gap_atr  IS_trades  IS_win%  IS_avg_$  IS_PF  IS_gross_$  OOS_trades  OOS_win%  OOS_avg_$  OOS_PF  OOS_gross_$
0        12             1.27          0.68  pure_ratchet            2.31        95.5         1.21             0.39          False              0.27                  0.50        765    42.22     -4.67   0.99     -3570.0         620     48.39     228.00    1.51     141360.0
1         7             0.89          0.26  pure_ratchet            0.92       162.9         0.89             0.25           True              1.17                  0.03        765    40.13    -15.76   0.94    -12060.0         620     45.32     192.80    1.51     119535.0
2        16             1.14          1.17  pure_ratchet            1.32       160.4         1.81             0.69          False              0.29                  0.47        765    42.22     16.25   1.05     12430.0         620     48.23     223.83    1.51     138775.0
3        12             1.06          0.60  pure_ratchet            3.96       180.7         2.96             0.43           True              1.33                  0.11        764    41.75     15.36   1.04     11735.0         619     47.66     231.54    1.50     143325.0
4        16             1.12          1.45   drift_floor            2.66       114.0         1.80             0.25          False              0.52                  0.50        765    43.14      9.37   1.03      7170.0         620     48.55     207.58    1.50     128700.0
5        12             1.37          2.15   drift_floor            2.59       198.4         0.18             0.66          False              0.35                  0.47        764    43.32      9.84   1.03      7520.0         620     48.55     242.07    1.49     150085.0
6        10             0.95          1.98  pure_ratchet            1.70       163.1         2.88             0.63          False              0.43                  0.40        765    41.70     -1.78   0.99     -1360.0         620     48.39     187.48    1.49     116235.0
7        16             0.90          1.40  pure_ratchet            2.70        48.2         0.13             0.79           True              1.23                  0.30        765    43.01     23.88   1.08     18265.0         620     47.26     202.31    1.49     125430.0
8        14             1.21          1.19  pure_ratchet            2.67        99.8         1.46             0.65           True              1.50                  0.58        765    43.01     17.62   1.06     13480.0         620     47.74     205.44    1.49     127370.0
9        10             0.77          0.82       raw_atr            2.90       161.5         1.21             0.37          False              0.91                  0.56        763    43.64     15.56   1.04     11870.0         618     47.41     233.26    1.49     144155.0
10        7             1.45          1.77   drift_floor            3.46       196.4         0.96             0.40           True              1.10                  0.48        765    41.70    -15.78   0.95    -12070.0         619     47.98     206.16    1.49     127610.0
11       14             1.24          0.28  pure_ratchet            1.64       165.2         1.96             0.58           True              1.49                  0.54        765    41.70      0.29   1.00       225.0         620     47.74     215.56    1.49     133645.0
12       16             0.90          1.17   drift_floor            3.27        69.7         0.43             0.82          False              0.32                  0.15        765    42.88      4.38   1.01      3350.0         620     48.55     219.03    1.48     135800.0
13       12             1.62          2.26   drift_floor            3.17        62.3         0.80             0.00          False              0.82                  0.57        765    43.79     -4.21   0.99     -3220.0         620     47.90     220.40    1.48     136650.0
14       10             1.09          0.22   drift_floor            2.50       155.3         1.29             0.21          False              0.75                  0.32        765    41.57     -4.02   0.99     -3075.0         620     47.58     208.50    1.48     129270.0
15       30             1.00          1.77  pure_ratchet            3.11       157.9         1.30             0.17          False              1.02                  0.45        765    39.48      4.49   1.01      3435.0         620     46.29     194.99    1.48     120895.0
16       20             1.30          0.71   drift_floor            3.63       174.4         1.60             0.25           True              1.43                  0.53        765    41.57      8.23   1.03      6295.0         620     45.00     197.06    1.48     122175.0
17        7             1.24          1.47   drift_floor            3.75       194.0         2.75             0.19           True              0.29                  0.27        765    40.65    -27.99   0.89    -21410.0         619     46.53     179.18    1.48     110910.0
18       12             1.49          2.80   drift_floor            1.40       164.5         2.03             0.14           True              1.02                  0.15        765    44.05      5.11   1.02      3910.0         620     47.74     223.56    1.47     138610.0
19       16             0.96          0.61       raw_atr            2.15        87.0         0.96             0.47          False              0.28                  0.56        764    43.85     27.19   1.07     20775.0         618     48.06     248.16    1.47     153360.0

IS->OOS PF correlation (clipped at 5): -0.376

=== Giveback vs live baseline ===
live: IS PF 1.101 | OOS PF 1.350
  giveback ON   : 5977 eligible | 859 beat live OOS PF | 16 beat live on BOTH IS & OOS
  giveback OFF  : 2023 eligible | 673 beat live OOS PF | 4 beat live on BOTH IS & OOS

=== Top 10 giveback-ON configs by min(IS_PF, OOS_PF) ===
   atr_len  yellow_atr_mult  yellow_drift   yellow_mode  green_atr_mult  green_base  green_decay  yellow_giveback  scale_by_body  max_giveback_atr  giveback_min_gap_atr  IS_trades  IS_win%  IS_avg_$  IS_PF  IS_gross_$  OOS_trades  OOS_win%  OOS_avg_$  OOS_PF  OOS_gross_$
0       12             1.48          2.66   drift_floor            0.55        38.4         1.51             0.45           True              0.87                  0.20        765    55.42     59.14   1.18     45240.0         622     61.25      97.23    1.20      60475.0
1       16             1.40          2.10   drift_floor            0.57        38.0         0.59             0.53           True              1.11                  0.34        765    48.37     64.61   1.18     49430.0         621     53.78      92.09    1.18      57185.0
2       25             1.51          0.54  pure_ratchet            0.91        21.7         1.59             0.21           True              1.30                  0.53        765    55.56     50.90   1.17     38940.0         622     59.65      79.75    1.18      49605.0
3       30             1.51          2.61   drift_floor            1.06        33.3         1.52             0.47           True              0.87                  0.50        765    50.33     56.64   1.16     43330.0         621     54.91     106.11    1.20      65895.0
4       20             2.73          2.39   drift_floor            0.50        25.9         0.18             0.72           True              0.26                  0.02        765    63.92     72.35   1.16     55345.0         622     69.29      95.08    1.16      59140.0
5       10             1.78          0.76       raw_atr            0.71        53.6         2.84             0.25          False              0.44                  0.47        765    70.07     52.51   1.15     40170.0         619     71.57      92.24    1.17      57095.0
6       12             2.04          0.90  pure_ratchet            0.64        32.3         0.32             0.19           True              0.83                  0.36        765    50.33     59.89   1.14     45815.0         621     58.13      81.84    1.14      50825.0
7       14             1.47          2.36  pure_ratchet            0.68        21.0         0.20             0.51          False              0.44                  0.54        765    53.46     61.25   1.17     46855.0         622     58.68      71.69    1.14      44590.0
8       16             1.70          1.39   drift_floor            0.63        31.6         0.31             0.40           True              0.33                  0.30        765    49.67     58.39   1.14     44665.0         621     57.00      79.63    1.14      49450.0
9       14             2.79          2.29       raw_atr            0.70        38.7         2.42             0.46           True              0.69                  0.41        765    73.20     47.45   1.14     36300.0         620     73.39      87.27    1.17      54105.0

Full table at: C:\trading\nqorderflowbacktester\scripts\overnight drift strategy\results\optimize_trials.csv
